MySQL query error: 01.02.2022 20:31:05 - [0]  - C:\xampp\htdocs\advanced PHP\novine\news.php (134)
MySQL query error: 01.02.2022 20:31:00 - [0]  - C:\xampp\htdocs\advanced PHP\novine\news.php (134)
MySQL query error: 01.02.2022 20:30:41 - [0]  - C:\xampp\htdocs\advanced PHP\novine\news.php (134)
MySQL query error: 01.02.2022 15:59:42 - [0]  - C:\xampp\htdocs\advanced PHP\novine\article.php (54)
MySQL query error: 01.02.2022 15:53:00 - [0]  - C:\xampp\htdocs\advanced PHP\novine\article.php (54)
MySQL query error: 01.02.2022 15:48:42 - [0]  - C:\xampp\htdocs\advanced PHP\novine\article.php (53)
MySQL query error: 01.02.2022 15:46:22 - [0]  - C:\xampp\htdocs\advanced PHP\novine\article.php (53)
MySQL query error: 01.02.2022 15:44:57 - [0]  - C:\xampp\htdocs\advanced PHP\novine\article.php (53)
MySQL query error: 01.02.2022 15:44:54 - [0]  - C:\xampp\htdocs\advanced PHP\novine\article.php (53)
MySQL query error: 01.02.2022 15:44:18 - [0]  - C:\xampp\htdocs\advanced PHP\novine\article.php (53)
MySQL query error: 01.02.2022 15:40:59 - [0]  - C:\xampp\htdocs\advanced PHP\novine\article.php (53)
MySQL query error: 01.02.2022 15:37:36 - [0]  - C:\xampp\htdocs\advanced PHP\novine\article.php (53)
MySQL query error: 01.02.2022 15:37:02 - [0]  - C:\xampp\htdocs\advanced PHP\novine\article.php (55)
MySQL query error: 01.02.2022 15:36:53 - [0]  - C:\xampp\htdocs\advanced PHP\novine\article.php (55)
MySQL query error: 01.02.2022 14:25:15 - [0]  - C:\xampp\htdocs\advanced PHP\novine\article.php (189)
MySQL query error: 01.02.2022 14:25:15 - [0]  - C:\xampp\htdocs\advanced PHP\novine\article.php (52)
MySQL query error: 01.02.2022 14:02:16 - [0]  - C:\xampp\htdocs\advanced PHP\novine\article.php (184)
MySQL query error: 01.02.2022 14:02:16 - [0]  - C:\xampp\htdocs\advanced PHP\novine\article.php (47)
MySQL query error: 01.02.2022 13:55:17 - [0]  - C:\xampp\htdocs\advanced PHP\novine\article.php (184)
MySQL query error: 01.02.2022 13:55:17 - [0]  - C:\xampp\htdocs\advanced PHP\novine\article.php (47)
MySQL query error: 01.02.2022 13:43:23 - [0]  - C:\xampp\htdocs\advanced PHP\novine\news.php (90)
MySQL query error: 01.02.2022 13:43:21 - [0]  - C:\xampp\htdocs\advanced PHP\novine\news.php (90)
MySQL query error: 01.02.2022 13:43:15 - [0]  - C:\xampp\htdocs\advanced PHP\novine\news.php (90)
MySQL query error: 01.02.2022 09:12:04 - [0]  - C:\xampp\htdocs\advanced PHP\novine\login.php (62)
MySQL query error: 01.02.2022 09:11:32 - [0]  - C:\xampp\htdocs\advanced PHP\novine\login.php (62)
MySQL query error: 01.02.2022 09:11:20 - [0]  - C:\xampp\htdocs\advanced PHP\novine\login.php (62)
MySQL Connection error: 31.01.2022 19:27:40 - [0]  - C:\xampp\htdocs\advanced PHP\novine\news.php (37)
MySQL Connection error: 31.01.2022 19:27:04 - [0]  - C:\xampp\htdocs\advanced PHP\novine\news.php (37)
MySQL Connection error: 31.01.2022 19:26:39 - [0]  - C:\xampp\htdocs\advanced PHP\novine\news.php (37)
MySQL query error: 31.01.2022 19:19:33 - [0]  - C:\xampp\htdocs\advanced PHP\novine\news.php (89)
MySQL query error: 31.01.2022 19:15:01 - [0]  - C:\xampp\htdocs\advanced PHP\novine\news.php (53)
MySQL query error: 31.01.2022 19:15:00 - [0]  - C:\xampp\htdocs\advanced PHP\novine\news.php (53)
MySQL query error: 31.01.2022 19:13:56 - [0]  - C:\xampp\htdocs\advanced PHP\novine\news.php (53)
MySQL query error: 31.01.2022 19:13:22 - [0]  - C:\xampp\htdocs\advanced PHP\novine\news.php (53)
MySQL query error: 31.01.2022 19:11:42 - [0]  - C:\xampp\htdocs\advanced PHP\novine\news.php (53)
MySQL query error: 31.01.2022 19:10:58 - [0]  - C:\xampp\htdocs\advanced PHP\novine\news.php (53)
MySQL query error: 31.01.2022 19:10:14 - [0]  - C:\xampp\htdocs\advanced PHP\novine\news.php (53)
MySQL query error: 31.01.2022 19:10:11 - [0]  - C:\xampp\htdocs\advanced PHP\novine\news.php (53)
MySQL query error: 31.01.2022 19:10:09 - [0]  - C:\xampp\htdocs\advanced PHP\novine\news.php (53)
MySQL query error: 31.01.2022 19:08:37 - [0]  - C:\xampp\htdocs\advanced PHP\novine\news.php (54)
Connection error: 31.01.2022 18:39:14 - [0] php_network_getaddresses: getaddrinfo failed: No such host is known.  - C:\xampp\htdocs\advanced PHP\novine\news.php (37)
Connection error: 31.01.2022 18:33:31 - [0] php_network_getaddresses: getaddrinfo failed: No such host is known.  - C:\xampp\htdocs\advanced PHP\novine\news.php (37)
